<p> This is a <mark>trivial test of</mark> the marking logic. </p>
